6
0.04754
2
0.66667 0.66667 0.44177 5 0
1.00000 1.00000 0.48059 5 0

6
0.04754
2
0.66667 0.66667 0.44177 5 1
1.00000 1.00000 0.48059 5 0

6
0.04754
2
0.66667 0.66667 0.44177 5 2
1.00000 1.00000 0.48059 5 0

6
0.04754
2
0.66667 0.66667 0.44177 5 3
1.00000 1.00000 0.48059 5 0

6
0.04754
2
0.66667 0.66667 0.44177 5 4
1.00000 1.00000 0.48059 5 0

6
0.04754
2
0.66667 0.66667 0.44177 5 5
1.00000 1.00000 0.48059 5 0

6
0.04754
2
0.66667 0.66667 0.44177 5 0
1.00000 1.00000 0.48059 5 1

6
0.04754
2
0.66667 0.66667 0.44177 5 1
1.00000 1.00000 0.48059 5 1

6
0.04754
2
0.66667 0.66667 0.44177 5 2
1.00000 1.00000 0.48059 5 1

6
0.04754
2
0.66667 0.66667 0.44177 5 3
1.00000 1.00000 0.48059 5 1

6
0.04754
2
0.66667 0.66667 0.44177 5 4
1.00000 1.00000 0.48059 5 1

6
0.04754
2
0.66667 0.66667 0.44177 5 5
1.00000 1.00000 0.48059 5 1

6
0.04754
2
0.66667 0.66667 0.44177 5 0
1.00000 1.00000 0.48059 5 2

6
0.04754
2
0.66667 0.66667 0.44177 5 1
1.00000 1.00000 0.48059 5 2

6
0.04754
2
0.66667 0.66667 0.44177 5 2
1.00000 1.00000 0.48059 5 2

6
0.04754
2
0.66667 0.66667 0.44177 5 3
1.00000 1.00000 0.48059 5 2

6
0.04754
2
0.66667 0.66667 0.44177 5 4
1.00000 1.00000 0.48059 5 2

6
0.04754
2
0.66667 0.66667 0.44177 5 5
1.00000 1.00000 0.48059 5 2

6
0.04754
2
0.66667 0.66667 0.44177 5 0
1.00000 1.00000 0.48059 5 3

6
0.04754
2
0.66667 0.66667 0.44177 5 1
1.00000 1.00000 0.48059 5 3

6
0.04754
2
0.66667 0.66667 0.44177 5 2
1.00000 1.00000 0.48059 5 3

6
0.04754
2
0.66667 0.66667 0.44177 5 3
1.00000 1.00000 0.48059 5 3

6
0.04754
2
0.66667 0.66667 0.44177 5 4
1.00000 1.00000 0.48059 5 3

6
0.04754
2
0.66667 0.66667 0.44177 5 5
1.00000 1.00000 0.48059 5 3

6
0.04754
2
0.66667 0.66667 0.44177 5 0
1.00000 1.00000 0.48059 5 4

6
0.04754
2
0.66667 0.66667 0.44177 5 1
1.00000 1.00000 0.48059 5 4

6
0.04754
2
0.66667 0.66667 0.44177 5 2
1.00000 1.00000 0.48059 5 4

6
0.04754
2
0.66667 0.66667 0.44177 5 3
1.00000 1.00000 0.48059 5 4

6
0.04754
2
0.66667 0.66667 0.44177 5 4
1.00000 1.00000 0.48059 5 4

6
0.04754
2
0.66667 0.66667 0.44177 5 5
1.00000 1.00000 0.48059 5 4

6
0.04754
2
0.66667 0.66667 0.44177 5 0
1.00000 1.00000 0.48059 5 5

6
0.04754
2
0.66667 0.66667 0.44177 5 1
1.00000 1.00000 0.48059 5 5

6
0.04754
2
0.66667 0.66667 0.44177 5 2
1.00000 1.00000 0.48059 5 5

6
0.04754
2
0.66667 0.66667 0.44177 5 3
1.00000 1.00000 0.48059 5 5

6
0.04754
2
0.66667 0.66667 0.44177 5 4
1.00000 1.00000 0.48059 5 5

6
0.04754
2
0.66667 0.66667 0.44177 5 5
1.00000 1.00000 0.48059 5 5

6
0.04754
2
0.33333 0.33333 0.63586 5 0
0.00000 -0.00000 0.59704 5 0

6
0.04754
2
0.33333 0.33333 0.63586 5 1
0.00000 -0.00000 0.59704 5 0

6
0.04754
2
0.33333 0.33333 0.63586 5 2
0.00000 -0.00000 0.59704 5 0

6
0.04754
2
0.33333 0.33333 0.63586 5 3
0.00000 -0.00000 0.59704 5 0

6
0.04754
2
0.33333 0.33333 0.63586 5 4
0.00000 -0.00000 0.59704 5 0

6
0.04754
2
0.33333 0.33333 0.63586 5 5
0.00000 -0.00000 0.59704 5 0

6
0.04754
2
0.33333 0.33333 0.63586 5 0
0.00000 -0.00000 0.59704 5 1

6
0.04754
2
0.33333 0.33333 0.63586 5 1
0.00000 -0.00000 0.59704 5 1

6
0.04754
2
0.33333 0.33333 0.63586 5 2
0.00000 -0.00000 0.59704 5 1

6
0.04754
2
0.33333 0.33333 0.63586 5 3
0.00000 -0.00000 0.59704 5 1

6
0.04754
2
0.33333 0.33333 0.63586 5 4
0.00000 -0.00000 0.59704 5 1

6
0.04754
2
0.33333 0.33333 0.63586 5 5
0.00000 -0.00000 0.59704 5 1

6
0.04754
2
0.33333 0.33333 0.63586 5 0
0.00000 -0.00000 0.59704 5 2

6
0.04754
2
0.33333 0.33333 0.63586 5 1
0.00000 -0.00000 0.59704 5 2

6
0.04754
2
0.33333 0.33333 0.63586 5 2
0.00000 -0.00000 0.59704 5 2

6
0.04754
2
0.33333 0.33333 0.63586 5 3
0.00000 -0.00000 0.59704 5 2

6
0.04754
2
0.33333 0.33333 0.63586 5 4
0.00000 -0.00000 0.59704 5 2

6
0.04754
2
0.33333 0.33333 0.63586 5 5
0.00000 -0.00000 0.59704 5 2

6
0.04754
2
0.33333 0.33333 0.63586 5 0
0.00000 -0.00000 0.59704 5 3

6
0.04754
2
0.33333 0.33333 0.63586 5 1
0.00000 -0.00000 0.59704 5 3

6
0.04754
2
0.33333 0.33333 0.63586 5 2
0.00000 -0.00000 0.59704 5 3

6
0.04754
2
0.33333 0.33333 0.63586 5 3
0.00000 -0.00000 0.59704 5 3

6
0.04754
2
0.33333 0.33333 0.63586 5 4
0.00000 -0.00000 0.59704 5 3

6
0.04754
2
0.33333 0.33333 0.63586 5 5
0.00000 -0.00000 0.59704 5 3

6
0.04754
2
0.33333 0.33333 0.63586 5 0
0.00000 -0.00000 0.59704 5 4

6
0.04754
2
0.33333 0.33333 0.63586 5 1
0.00000 -0.00000 0.59704 5 4

6
0.04754
2
0.33333 0.33333 0.63586 5 2
0.00000 -0.00000 0.59704 5 4

6
0.04754
2
0.33333 0.33333 0.63586 5 3
0.00000 -0.00000 0.59704 5 4

6
0.04754
2
0.33333 0.33333 0.63586 5 4
0.00000 -0.00000 0.59704 5 4

6
0.04754
2
0.33333 0.33333 0.63586 5 5
0.00000 -0.00000 0.59704 5 4

6
0.04754
2
0.33333 0.33333 0.63586 5 0
0.00000 -0.00000 0.59704 5 5

6
0.04754
2
0.33333 0.33333 0.63586 5 1
0.00000 -0.00000 0.59704 5 5

6
0.04754
2
0.33333 0.33333 0.63586 5 2
0.00000 -0.00000 0.59704 5 5

6
0.04754
2
0.33333 0.33333 0.63586 5 3
0.00000 -0.00000 0.59704 5 5

6
0.04754
2
0.33333 0.33333 0.63586 5 4
0.00000 -0.00000 0.59704 5 5

6
0.04754
2
0.33333 0.33333 0.63586 5 5
0.00000 -0.00000 0.59704 5 5

6
0.04754
2
1.00000 1.00000 0.71349 5 0
0.66667 0.66667 0.67468 5 0

6
0.04754
2
1.00000 1.00000 0.71349 5 1
0.66667 0.66667 0.67468 5 0

6
0.04754
2
1.00000 1.00000 0.71349 5 2
0.66667 0.66667 0.67468 5 0

6
0.04754
2
1.00000 1.00000 0.71349 5 3
0.66667 0.66667 0.67468 5 0

6
0.04754
2
1.00000 1.00000 0.71349 5 4
0.66667 0.66667 0.67468 5 0

6
0.04754
2
1.00000 1.00000 0.71349 5 5
0.66667 0.66667 0.67468 5 0

6
0.04754
2
1.00000 1.00000 0.71349 5 0
0.66667 0.66667 0.67468 5 1

6
0.04754
2
1.00000 1.00000 0.71349 5 1
0.66667 0.66667 0.67468 5 1

6
0.04754
2
1.00000 1.00000 0.71349 5 2
0.66667 0.66667 0.67468 5 1

6
0.04754
2
1.00000 1.00000 0.71349 5 3
0.66667 0.66667 0.67468 5 1

6
0.04754
2
1.00000 1.00000 0.71349 5 4
0.66667 0.66667 0.67468 5 1

6
0.04754
2
1.00000 1.00000 0.71349 5 5
0.66667 0.66667 0.67468 5 1

6
0.04754
2
1.00000 1.00000 0.71349 5 0
0.66667 0.66667 0.67468 5 2

6
0.04754
2
1.00000 1.00000 0.71349 5 1
0.66667 0.66667 0.67468 5 2

6
0.04754
2
1.00000 1.00000 0.71349 5 2
0.66667 0.66667 0.67468 5 2

6
0.04754
2
1.00000 1.00000 0.71349 5 3
0.66667 0.66667 0.67468 5 2

6
0.04754
2
1.00000 1.00000 0.71349 5 4
0.66667 0.66667 0.67468 5 2

6
0.04754
2
1.00000 1.00000 0.71349 5 5
0.66667 0.66667 0.67468 5 2

6
0.04754
2
1.00000 1.00000 0.71349 5 0
0.66667 0.66667 0.67468 5 3

6
0.04754
2
1.00000 1.00000 0.71349 5 1
0.66667 0.66667 0.67468 5 3

6
0.04754
2
1.00000 1.00000 0.71349 5 2
0.66667 0.66667 0.67468 5 3

6
0.04754
2
1.00000 1.00000 0.71349 5 3
0.66667 0.66667 0.67468 5 3

6
0.04754
2
1.00000 1.00000 0.71349 5 4
0.66667 0.66667 0.67468 5 3

6
0.04754
2
1.00000 1.00000 0.71349 5 5
0.66667 0.66667 0.67468 5 3

6
0.04754
2
1.00000 1.00000 0.71349 5 0
0.66667 0.66667 0.67468 5 4

6
0.04754
2
1.00000 1.00000 0.71349 5 1
0.66667 0.66667 0.67468 5 4

6
0.04754
2
1.00000 1.00000 0.71349 5 2
0.66667 0.66667 0.67468 5 4

6
0.04754
2
1.00000 1.00000 0.71349 5 3
0.66667 0.66667 0.67468 5 4

6
0.04754
2
1.00000 1.00000 0.71349 5 4
0.66667 0.66667 0.67468 5 4

6
0.04754
2
1.00000 1.00000 0.71349 5 5
0.66667 0.66667 0.67468 5 4

6
0.04754
2
1.00000 1.00000 0.71349 5 0
0.66667 0.66667 0.67468 5 5

6
0.04754
2
1.00000 1.00000 0.71349 5 1
0.66667 0.66667 0.67468 5 5

6
0.04754
2
1.00000 1.00000 0.71349 5 2
0.66667 0.66667 0.67468 5 5

6
0.04754
2
1.00000 1.00000 0.71349 5 3
0.66667 0.66667 0.67468 5 5

6
0.04754
2
1.00000 1.00000 0.71349 5 4
0.66667 0.66667 0.67468 5 5

6
0.04754
2
1.00000 1.00000 0.71349 5 5
0.66667 0.66667 0.67468 5 5

6
0.04754
2
1.00000 1.00000 0.59704 5 0
0.66667 0.66667 0.55823 5 0

6
0.04754
2
1.00000 1.00000 0.59704 5 1
0.66667 0.66667 0.55823 5 0

6
0.04754
2
1.00000 1.00000 0.59704 5 2
0.66667 0.66667 0.55823 5 0

6
0.04754
2
1.00000 1.00000 0.59704 5 3
0.66667 0.66667 0.55823 5 0

6
0.04754
2
1.00000 1.00000 0.59704 5 4
0.66667 0.66667 0.55823 5 0

6
0.04754
2
1.00000 1.00000 0.59704 5 5
0.66667 0.66667 0.55823 5 0

6
0.04754
2
1.00000 1.00000 0.59704 5 0
0.66667 0.66667 0.55823 5 1

6
0.04754
2
1.00000 1.00000 0.59704 5 1
0.66667 0.66667 0.55823 5 1

6
0.04754
2
1.00000 1.00000 0.59704 5 2
0.66667 0.66667 0.55823 5 1

6
0.04754
2
1.00000 1.00000 0.59704 5 3
0.66667 0.66667 0.55823 5 1

6
0.04754
2
1.00000 1.00000 0.59704 5 4
0.66667 0.66667 0.55823 5 1

6
0.04754
2
1.00000 1.00000 0.59704 5 5
0.66667 0.66667 0.55823 5 1

6
0.04754
2
1.00000 1.00000 0.59704 5 0
0.66667 0.66667 0.55823 5 2

6
0.04754
2
1.00000 1.00000 0.59704 5 1
0.66667 0.66667 0.55823 5 2

6
0.04754
2
1.00000 1.00000 0.59704 5 2
0.66667 0.66667 0.55823 5 2

6
0.04754
2
1.00000 1.00000 0.59704 5 3
0.66667 0.66667 0.55823 5 2

6
0.04754
2
1.00000 1.00000 0.59704 5 4
0.66667 0.66667 0.55823 5 2

6
0.04754
2
1.00000 1.00000 0.59704 5 5
0.66667 0.66667 0.55823 5 2

6
0.04754
2
1.00000 1.00000 0.59704 5 0
0.66667 0.66667 0.55823 5 3

6
0.04754
2
1.00000 1.00000 0.59704 5 1
0.66667 0.66667 0.55823 5 3

6
0.04754
2
1.00000 1.00000 0.59704 5 2
0.66667 0.66667 0.55823 5 3

6
0.04754
2
1.00000 1.00000 0.59704 5 3
0.66667 0.66667 0.55823 5 3

6
0.04754
2
1.00000 1.00000 0.59704 5 4
0.66667 0.66667 0.55823 5 3

6
0.04754
2
1.00000 1.00000 0.59704 5 5
0.66667 0.66667 0.55823 5 3

6
0.04754
2
1.00000 1.00000 0.59704 5 0
0.66667 0.66667 0.55823 5 4

6
0.04754
2
1.00000 1.00000 0.59704 5 1
0.66667 0.66667 0.55823 5 4

6
0.04754
2
1.00000 1.00000 0.59704 5 2
0.66667 0.66667 0.55823 5 4

6
0.04754
2
1.00000 1.00000 0.59704 5 3
0.66667 0.66667 0.55823 5 4

6
0.04754
2
1.00000 1.00000 0.59704 5 4
0.66667 0.66667 0.55823 5 4

6
0.04754
2
1.00000 1.00000 0.59704 5 5
0.66667 0.66667 0.55823 5 4

6
0.04754
2
1.00000 1.00000 0.59704 5 0
0.66667 0.66667 0.55823 5 5

6
0.04754
2
1.00000 1.00000 0.59704 5 1
0.66667 0.66667 0.55823 5 5

6
0.04754
2
1.00000 1.00000 0.59704 5 2
0.66667 0.66667 0.55823 5 5

6
0.04754
2
1.00000 1.00000 0.59704 5 3
0.66667 0.66667 0.55823 5 5

6
0.04754
2
1.00000 1.00000 0.59704 5 4
0.66667 0.66667 0.55823 5 5

6
0.04754
2
1.00000 1.00000 0.59704 5 5
0.66667 0.66667 0.55823 5 5

6
0.04754
2
1.00000 1.00000 0.36414 5 0
0.66667 0.66667 0.32532 5 0

6
0.04754
2
1.00000 1.00000 0.36414 5 1
0.66667 0.66667 0.32532 5 0

6
0.04754
2
1.00000 1.00000 0.36414 5 2
0.66667 0.66667 0.32532 5 0

6
0.04754
2
1.00000 1.00000 0.36414 5 3
0.66667 0.66667 0.32532 5 0

6
0.04754
2
1.00000 1.00000 0.36414 5 4
0.66667 0.66667 0.32532 5 0

6
0.04754
2
1.00000 1.00000 0.36414 5 5
0.66667 0.66667 0.32532 5 0

6
0.04754
2
1.00000 1.00000 0.36414 5 0
0.66667 0.66667 0.32532 5 1

6
0.04754
2
1.00000 1.00000 0.36414 5 1
0.66667 0.66667 0.32532 5 1

6
0.04754
2
1.00000 1.00000 0.36414 5 2
0.66667 0.66667 0.32532 5 1

6
0.04754
2
1.00000 1.00000 0.36414 5 3
0.66667 0.66667 0.32532 5 1

6
0.04754
2
1.00000 1.00000 0.36414 5 4
0.66667 0.66667 0.32532 5 1

6
0.04754
2
1.00000 1.00000 0.36414 5 5
0.66667 0.66667 0.32532 5 1

6
0.04754
2
1.00000 1.00000 0.36414 5 0
0.66667 0.66667 0.32532 5 2

6
0.04754
2
1.00000 1.00000 0.36414 5 1
0.66667 0.66667 0.32532 5 2

6
0.04754
2
1.00000 1.00000 0.36414 5 2
0.66667 0.66667 0.32532 5 2

6
0.04754
2
1.00000 1.00000 0.36414 5 3
0.66667 0.66667 0.32532 5 2

6
0.04754
2
1.00000 1.00000 0.36414 5 4
0.66667 0.66667 0.32532 5 2

6
0.04754
2
1.00000 1.00000 0.36414 5 5
0.66667 0.66667 0.32532 5 2

6
0.04754
2
1.00000 1.00000 0.36414 5 0
0.66667 0.66667 0.32532 5 3

6
0.04754
2
1.00000 1.00000 0.36414 5 1
0.66667 0.66667 0.32532 5 3

6
0.04754
2
1.00000 1.00000 0.36414 5 2
0.66667 0.66667 0.32532 5 3

6
0.04754
2
1.00000 1.00000 0.36414 5 3
0.66667 0.66667 0.32532 5 3

6
0.04754
2
1.00000 1.00000 0.36414 5 4
0.66667 0.66667 0.32532 5 3

6
0.04754
2
1.00000 1.00000 0.36414 5 5
0.66667 0.66667 0.32532 5 3

6
0.04754
2
1.00000 1.00000 0.36414 5 0
0.66667 0.66667 0.32532 5 4

6
0.04754
2
1.00000 1.00000 0.36414 5 1
0.66667 0.66667 0.32532 5 4

6
0.04754
2
1.00000 1.00000 0.36414 5 2
0.66667 0.66667 0.32532 5 4

6
0.04754
2
1.00000 1.00000 0.36414 5 3
0.66667 0.66667 0.32532 5 4

6
0.04754
2
1.00000 1.00000 0.36414 5 4
0.66667 0.66667 0.32532 5 4

6
0.04754
2
1.00000 1.00000 0.36414 5 5
0.66667 0.66667 0.32532 5 4

6
0.04754
2
1.00000 1.00000 0.36414 5 0
0.66667 0.66667 0.32532 5 5

6
0.04754
2
1.00000 1.00000 0.36414 5 1
0.66667 0.66667 0.32532 5 5

6
0.04754
2
1.00000 1.00000 0.36414 5 2
0.66667 0.66667 0.32532 5 5

6
0.04754
2
1.00000 1.00000 0.36414 5 3
0.66667 0.66667 0.32532 5 5

6
0.04754
2
1.00000 1.00000 0.36414 5 4
0.66667 0.66667 0.32532 5 5

6
0.04754
2
1.00000 1.00000 0.36414 5 5
0.66667 0.66667 0.32532 5 5

6
0.04754
2
0.33333 0.33333 0.40296 5 0
0.33333 1.33333 0.40296 5 0

12
0.04754
2
0.33333 0.33333 0.40296 5 1
0.33333 1.33333 0.40296 5 0

12
0.04754
2
0.33333 0.33333 0.40296 5 2
0.33333 1.33333 0.40296 5 0

12
0.04754
2
0.33333 0.33333 0.40296 5 3
0.33333 1.33333 0.40296 5 0

12
0.04754
2
0.33333 0.33333 0.40296 5 4
0.33333 1.33333 0.40296 5 0

12
0.04754
2
0.33333 0.33333 0.40296 5 5
0.33333 1.33333 0.40296 5 0

6
0.04754
2
0.33333 0.33333 0.40296 5 1
0.33333 1.33333 0.40296 5 1

12
0.04754
2
0.33333 0.33333 0.40296 5 2
0.33333 1.33333 0.40296 5 1

12
0.04754
2
0.33333 0.33333 0.40296 5 3
0.33333 1.33333 0.40296 5 1

12
0.04754
2
0.33333 0.33333 0.40296 5 4
0.33333 1.33333 0.40296 5 1

12
0.04754
2
0.33333 0.33333 0.40296 5 5
0.33333 1.33333 0.40296 5 1

6
0.04754
2
0.33333 0.33333 0.40296 5 2
0.33333 1.33333 0.40296 5 2

12
0.04754
2
0.33333 0.33333 0.40296 5 3
0.33333 1.33333 0.40296 5 2

12
0.04754
2
0.33333 0.33333 0.40296 5 4
0.33333 1.33333 0.40296 5 2

12
0.04754
2
0.33333 0.33333 0.40296 5 5
0.33333 1.33333 0.40296 5 2

6
0.04754
2
0.33333 0.33333 0.40296 5 3
0.33333 1.33333 0.40296 5 3

12
0.04754
2
0.33333 0.33333 0.40296 5 4
0.33333 1.33333 0.40296 5 3

12
0.04754
2
0.33333 0.33333 0.40296 5 5
0.33333 1.33333 0.40296 5 3

6
0.04754
2
0.33333 0.33333 0.40296 5 4
0.33333 1.33333 0.40296 5 4

12
0.04754
2
0.33333 0.33333 0.40296 5 5
0.33333 1.33333 0.40296 5 4

6
0.04754
2
0.33333 0.33333 0.40296 5 5
0.33333 1.33333 0.40296 5 5

6
0.04754
2
0.66667 0.66667 0.55823 5 0
1.66667 0.66667 0.55823 5 0

12
0.04754
2
0.66667 0.66667 0.55823 5 1
1.66667 0.66667 0.55823 5 0

12
0.04754
2
0.66667 0.66667 0.55823 5 2
1.66667 0.66667 0.55823 5 0

12
0.04754
2
0.66667 0.66667 0.55823 5 3
1.66667 0.66667 0.55823 5 0

12
0.04754
2
0.66667 0.66667 0.55823 5 4
1.66667 0.66667 0.55823 5 0

12
0.04754
2
0.66667 0.66667 0.55823 5 5
1.66667 0.66667 0.55823 5 0

6
0.04754
2
0.66667 0.66667 0.55823 5 1
1.66667 0.66667 0.55823 5 1

12
0.04754
2
0.66667 0.66667 0.55823 5 2
1.66667 0.66667 0.55823 5 1

12
0.04754
2
0.66667 0.66667 0.55823 5 3
1.66667 0.66667 0.55823 5 1

12
0.04754
2
0.66667 0.66667 0.55823 5 4
1.66667 0.66667 0.55823 5 1

12
0.04754
2
0.66667 0.66667 0.55823 5 5
1.66667 0.66667 0.55823 5 1

6
0.04754
2
0.66667 0.66667 0.55823 5 2
1.66667 0.66667 0.55823 5 2

12
0.04754
2
0.66667 0.66667 0.55823 5 3
1.66667 0.66667 0.55823 5 2

12
0.04754
2
0.66667 0.66667 0.55823 5 4
1.66667 0.66667 0.55823 5 2

12
0.04754
2
0.66667 0.66667 0.55823 5 5
1.66667 0.66667 0.55823 5 2

6
0.04754
2
0.66667 0.66667 0.55823 5 3
1.66667 0.66667 0.55823 5 3

12
0.04754
2
0.66667 0.66667 0.55823 5 4
1.66667 0.66667 0.55823 5 3

12
0.04754
2
0.66667 0.66667 0.55823 5 5
1.66667 0.66667 0.55823 5 3

6
0.04754
2
0.66667 0.66667 0.55823 5 4
1.66667 0.66667 0.55823 5 4

12
0.04754
2
0.66667 0.66667 0.55823 5 5
1.66667 0.66667 0.55823 5 4

6
0.04754
2
0.66667 0.66667 0.55823 5 5
1.66667 0.66667 0.55823 5 5

6
0.04754
2
1.00000 1.00000 0.71349 5 0
2.00000 0.00000 0.71349 5 0

12
0.04754
2
1.00000 1.00000 0.71349 5 1
2.00000 0.00000 0.71349 5 0

12
0.04754
2
1.00000 1.00000 0.71349 5 2
2.00000 0.00000 0.71349 5 0

12
0.04754
2
1.00000 1.00000 0.71349 5 3
2.00000 0.00000 0.71349 5 0

12
0.04754
2
1.00000 1.00000 0.71349 5 4
2.00000 0.00000 0.71349 5 0

12
0.04754
2
1.00000 1.00000 0.71349 5 5
2.00000 0.00000 0.71349 5 0

6
0.04754
2
1.00000 1.00000 0.71349 5 1
2.00000 0.00000 0.71349 5 1

12
0.04754
2
1.00000 1.00000 0.71349 5 2
2.00000 0.00000 0.71349 5 1

12
0.04754
2
1.00000 1.00000 0.71349 5 3
2.00000 0.00000 0.71349 5 1

12
0.04754
2
1.00000 1.00000 0.71349 5 4
2.00000 0.00000 0.71349 5 1

12
0.04754
2
1.00000 1.00000 0.71349 5 5
2.00000 0.00000 0.71349 5 1

6
0.04754
2
1.00000 1.00000 0.71349 5 2
2.00000 0.00000 0.71349 5 2

12
0.04754
2
1.00000 1.00000 0.71349 5 3
2.00000 0.00000 0.71349 5 2

12
0.04754
2
1.00000 1.00000 0.71349 5 4
2.00000 0.00000 0.71349 5 2

12
0.04754
2
1.00000 1.00000 0.71349 5 5
2.00000 0.00000 0.71349 5 2

6
0.04754
2
1.00000 1.00000 0.71349 5 3
2.00000 0.00000 0.71349 5 3

12
0.04754
2
1.00000 1.00000 0.71349 5 4
2.00000 0.00000 0.71349 5 3

12
0.04754
2
1.00000 1.00000 0.71349 5 5
2.00000 0.00000 0.71349 5 3

6
0.04754
2
1.00000 1.00000 0.71349 5 4
2.00000 0.00000 0.71349 5 4

12
0.04754
2
1.00000 1.00000 0.71349 5 5
2.00000 0.00000 0.71349 5 4

6
0.04754
2
1.00000 1.00000 0.71349 5 5
2.00000 0.00000 0.71349 5 5

6
0.04754
2
0.66667 0.66667 0.67468 5 0
1.66667 -0.33333 0.67468 5 0

12
0.04754
2
0.66667 0.66667 0.67468 5 1
1.66667 -0.33333 0.67468 5 0

12
0.04754
2
0.66667 0.66667 0.67468 5 2
1.66667 -0.33333 0.67468 5 0

12
0.04754
2
0.66667 0.66667 0.67468 5 3
1.66667 -0.33333 0.67468 5 0

12
0.04754
2
0.66667 0.66667 0.67468 5 4
1.66667 -0.33333 0.67468 5 0

12
0.04754
2
0.66667 0.66667 0.67468 5 5
1.66667 -0.33333 0.67468 5 0

6
0.04754
2
0.66667 0.66667 0.67468 5 1
1.66667 -0.33333 0.67468 5 1

12
0.04754
2
0.66667 0.66667 0.67468 5 2
1.66667 -0.33333 0.67468 5 1

12
0.04754
2
0.66667 0.66667 0.67468 5 3
1.66667 -0.33333 0.67468 5 1

12
0.04754
2
0.66667 0.66667 0.67468 5 4
1.66667 -0.33333 0.67468 5 1

12
0.04754
2
0.66667 0.66667 0.67468 5 5
1.66667 -0.33333 0.67468 5 1

6
0.04754
2
0.66667 0.66667 0.67468 5 2
1.66667 -0.33333 0.67468 5 2

12
0.04754
2
0.66667 0.66667 0.67468 5 3
1.66667 -0.33333 0.67468 5 2

12
0.04754
2
0.66667 0.66667 0.67468 5 4
1.66667 -0.33333 0.67468 5 2

12
0.04754
2
0.66667 0.66667 0.67468 5 5
1.66667 -0.33333 0.67468 5 2

6
0.04754
2
0.66667 0.66667 0.67468 5 3
1.66667 -0.33333 0.67468 5 3

12
0.04754
2
0.66667 0.66667 0.67468 5 4
1.66667 -0.33333 0.67468 5 3

12
0.04754
2
0.66667 0.66667 0.67468 5 5
1.66667 -0.33333 0.67468 5 3

6
0.04754
2
0.66667 0.66667 0.67468 5 4
1.66667 -0.33333 0.67468 5 4

12
0.04754
2
0.66667 0.66667 0.67468 5 5
1.66667 -0.33333 0.67468 5 4

6
0.04754
2
0.66667 0.66667 0.67468 5 5
1.66667 -0.33333 0.67468 5 5

6
0.04754
2
0.33333 0.33333 0.63586 5 0
1.33333 -0.66667 0.63586 5 0

12
0.04754
2
0.33333 0.33333 0.63586 5 1
1.33333 -0.66667 0.63586 5 0

12
0.04754
2
0.33333 0.33333 0.63586 5 2
1.33333 -0.66667 0.63586 5 0

12
0.04754
2
0.33333 0.33333 0.63586 5 3
1.33333 -0.66667 0.63586 5 0

12
0.04754
2
0.33333 0.33333 0.63586 5 4
1.33333 -0.66667 0.63586 5 0

12
0.04754
2
0.33333 0.33333 0.63586 5 5
1.33333 -0.66667 0.63586 5 0

6
0.04754
2
0.33333 0.33333 0.63586 5 1
1.33333 -0.66667 0.63586 5 1

12
0.04754
2
0.33333 0.33333 0.63586 5 2
1.33333 -0.66667 0.63586 5 1

12
0.04754
2
0.33333 0.33333 0.63586 5 3
1.33333 -0.66667 0.63586 5 1

12
0.04754
2
0.33333 0.33333 0.63586 5 4
1.33333 -0.66667 0.63586 5 1

12
0.04754
2
0.33333 0.33333 0.63586 5 5
1.33333 -0.66667 0.63586 5 1

6
0.04754
2
0.33333 0.33333 0.63586 5 2
1.33333 -0.66667 0.63586 5 2

12
0.04754
2
0.33333 0.33333 0.63586 5 3
1.33333 -0.66667 0.63586 5 2

12
0.04754
2
0.33333 0.33333 0.63586 5 4
1.33333 -0.66667 0.63586 5 2

12
0.04754
2
0.33333 0.33333 0.63586 5 5
1.33333 -0.66667 0.63586 5 2

6
0.04754
2
0.33333 0.33333 0.63586 5 3
1.33333 -0.66667 0.63586 5 3

12
0.04754
2
0.33333 0.33333 0.63586 5 4
1.33333 -0.66667 0.63586 5 3

12
0.04754
2
0.33333 0.33333 0.63586 5 5
1.33333 -0.66667 0.63586 5 3

6
0.04754
2
0.33333 0.33333 0.63586 5 4
1.33333 -0.66667 0.63586 5 4

12
0.04754
2
0.33333 0.33333 0.63586 5 5
1.33333 -0.66667 0.63586 5 4

6
0.04754
2
0.33333 0.33333 0.63586 5 5
1.33333 -0.66667 0.63586 5 5

6
0.04754
2
0.33333 0.33333 0.51941 5 0
-0.66667 1.33333 0.51941 5 0

12
0.04754
2
0.33333 0.33333 0.51941 5 1
-0.66667 1.33333 0.51941 5 0

12
0.04754
2
0.33333 0.33333 0.51941 5 2
-0.66667 1.33333 0.51941 5 0

12
0.04754
2
0.33333 0.33333 0.51941 5 3
-0.66667 1.33333 0.51941 5 0

12
0.04754
2
0.33333 0.33333 0.51941 5 4
-0.66667 1.33333 0.51941 5 0

12
0.04754
2
0.33333 0.33333 0.51941 5 5
-0.66667 1.33333 0.51941 5 0

6
0.04754
2
0.33333 0.33333 0.51941 5 1
-0.66667 1.33333 0.51941 5 1

12
0.04754
2
0.33333 0.33333 0.51941 5 2
-0.66667 1.33333 0.51941 5 1

12
0.04754
2
0.33333 0.33333 0.51941 5 3
-0.66667 1.33333 0.51941 5 1

12
0.04754
2
0.33333 0.33333 0.51941 5 4
-0.66667 1.33333 0.51941 5 1

12
0.04754
2
0.33333 0.33333 0.51941 5 5
-0.66667 1.33333 0.51941 5 1

6
0.04754
2
0.33333 0.33333 0.51941 5 2
-0.66667 1.33333 0.51941 5 2

12
0.04754
2
0.33333 0.33333 0.51941 5 3
-0.66667 1.33333 0.51941 5 2

12
0.04754
2
0.33333 0.33333 0.51941 5 4
-0.66667 1.33333 0.51941 5 2

12
0.04754
2
0.33333 0.33333 0.51941 5 5
-0.66667 1.33333 0.51941 5 2

6
0.04754
2
0.33333 0.33333 0.51941 5 3
-0.66667 1.33333 0.51941 5 3

12
0.04754
2
0.33333 0.33333 0.51941 5 4
-0.66667 1.33333 0.51941 5 3

12
0.04754
2
0.33333 0.33333 0.51941 5 5
-0.66667 1.33333 0.51941 5 3

6
0.04754
2
0.33333 0.33333 0.51941 5 4
-0.66667 1.33333 0.51941 5 4

12
0.04754
2
0.33333 0.33333 0.51941 5 5
-0.66667 1.33333 0.51941 5 4

6
0.04754
2
0.33333 0.33333 0.51941 5 5
-0.66667 1.33333 0.51941 5 5

3
0.04754
2
0.33333 0.33333 0.51941 5 0
0.00000 -0.00000 0.48059 5 0

6
0.04754
2
0.33333 0.33333 0.51941 5 1
0.00000 -0.00000 0.48059 5 0

6
0.04754
2
0.33333 0.33333 0.51941 5 2
0.00000 -0.00000 0.48059 5 0

6
0.04754
2
0.33333 0.33333 0.51941 5 3
0.00000 -0.00000 0.48059 5 0

6
0.04754
2
0.33333 0.33333 0.51941 5 4
0.00000 -0.00000 0.48059 5 0

6
0.04754
2
0.33333 0.33333 0.51941 5 5
0.00000 -0.00000 0.48059 5 0

3
0.04754
2
0.33333 0.33333 0.51941 5 1
0.00000 -0.00000 0.48059 5 1

6
0.04754
2
0.33333 0.33333 0.51941 5 2
0.00000 -0.00000 0.48059 5 1

6
0.04754
2
0.33333 0.33333 0.51941 5 3
0.00000 -0.00000 0.48059 5 1

6
0.04754
2
0.33333 0.33333 0.51941 5 4
0.00000 -0.00000 0.48059 5 1

6
0.04754
2
0.33333 0.33333 0.51941 5 5
0.00000 -0.00000 0.48059 5 1

3
0.04754
2
0.33333 0.33333 0.51941 5 2
0.00000 -0.00000 0.48059 5 2

6
0.04754
2
0.33333 0.33333 0.51941 5 3
0.00000 -0.00000 0.48059 5 2

6
0.04754
2
0.33333 0.33333 0.51941 5 4
0.00000 -0.00000 0.48059 5 2

6
0.04754
2
0.33333 0.33333 0.51941 5 5
0.00000 -0.00000 0.48059 5 2

3
0.04754
2
0.33333 0.33333 0.51941 5 3
0.00000 -0.00000 0.48059 5 3

6
0.04754
2
0.33333 0.33333 0.51941 5 4
0.00000 -0.00000 0.48059 5 3

6
0.04754
2
0.33333 0.33333 0.51941 5 5
0.00000 -0.00000 0.48059 5 3

3
0.04754
2
0.33333 0.33333 0.51941 5 4
0.00000 -0.00000 0.48059 5 4

6
0.04754
2
0.33333 0.33333 0.51941 5 5
0.00000 -0.00000 0.48059 5 4

3
0.04754
2
0.33333 0.33333 0.51941 5 5
0.00000 -0.00000 0.48059 5 5

6
0.06723
2
0.33333 0.33333 0.40296 5 0
-0.33333 -0.33333 0.44177 5 0

6
0.06723
2
0.33333 0.33333 0.40296 5 1
-0.33333 -0.33333 0.44177 5 0

6
0.06723
2
0.33333 0.33333 0.40296 5 2
-0.33333 -0.33333 0.44177 5 0

6
0.06723
2
0.33333 0.33333 0.40296 5 3
-0.33333 -0.33333 0.44177 5 0

6
0.06723
2
0.33333 0.33333 0.40296 5 4
-0.33333 -0.33333 0.44177 5 0

6
0.06723
2
0.33333 0.33333 0.40296 5 5
-0.33333 -0.33333 0.44177 5 0

6
0.06723
2
0.33333 0.33333 0.40296 5 0
-0.33333 -0.33333 0.44177 5 1

6
0.06723
2
0.33333 0.33333 0.40296 5 1
-0.33333 -0.33333 0.44177 5 1

6
0.06723
2
0.33333 0.33333 0.40296 5 2
-0.33333 -0.33333 0.44177 5 1

6
0.06723
2
0.33333 0.33333 0.40296 5 3
-0.33333 -0.33333 0.44177 5 1

6
0.06723
2
0.33333 0.33333 0.40296 5 4
-0.33333 -0.33333 0.44177 5 1

6
0.06723
2
0.33333 0.33333 0.40296 5 5
-0.33333 -0.33333 0.44177 5 1

6
0.06723
2
0.33333 0.33333 0.40296 5 0
-0.33333 -0.33333 0.44177 5 2

6
0.06723
2
0.33333 0.33333 0.40296 5 1
-0.33333 -0.33333 0.44177 5 2

6
0.06723
2
0.33333 0.33333 0.40296 5 2
-0.33333 -0.33333 0.44177 5 2

6
0.06723
2
0.33333 0.33333 0.40296 5 3
-0.33333 -0.33333 0.44177 5 2

6
0.06723
2
0.33333 0.33333 0.40296 5 4
-0.33333 -0.33333 0.44177 5 2

6
0.06723
2
0.33333 0.33333 0.40296 5 5
-0.33333 -0.33333 0.44177 5 2

6
0.06723
2
0.33333 0.33333 0.40296 5 0
-0.33333 -0.33333 0.44177 5 3

6
0.06723
2
0.33333 0.33333 0.40296 5 1
-0.33333 -0.33333 0.44177 5 3

6
0.06723
2
0.33333 0.33333 0.40296 5 2
-0.33333 -0.33333 0.44177 5 3

6
0.06723
2
0.33333 0.33333 0.40296 5 3
-0.33333 -0.33333 0.44177 5 3

6
0.06723
2
0.33333 0.33333 0.40296 5 4
-0.33333 -0.33333 0.44177 5 3

6
0.06723
2
0.33333 0.33333 0.40296 5 5
-0.33333 -0.33333 0.44177 5 3

6
0.06723
2
0.33333 0.33333 0.40296 5 0
-0.33333 -0.33333 0.44177 5 4

6
0.06723
2
0.33333 0.33333 0.40296 5 1
-0.33333 -0.33333 0.44177 5 4

6
0.06723
2
0.33333 0.33333 0.40296 5 2
-0.33333 -0.33333 0.44177 5 4

6
0.06723
2
0.33333 0.33333 0.40296 5 3
-0.33333 -0.33333 0.44177 5 4

6
0.06723
2
0.33333 0.33333 0.40296 5 4
-0.33333 -0.33333 0.44177 5 4

6
0.06723
2
0.33333 0.33333 0.40296 5 5
-0.33333 -0.33333 0.44177 5 4

6
0.06723
2
0.33333 0.33333 0.40296 5 0
-0.33333 -0.33333 0.44177 5 5

6
0.06723
2
0.33333 0.33333 0.40296 5 1
-0.33333 -0.33333 0.44177 5 5

6
0.06723
2
0.33333 0.33333 0.40296 5 2
-0.33333 -0.33333 0.44177 5 5

6
0.06723
2
0.33333 0.33333 0.40296 5 3
-0.33333 -0.33333 0.44177 5 5

6
0.06723
2
0.33333 0.33333 0.40296 5 4
-0.33333 -0.33333 0.44177 5 5

6
0.06723
2
0.33333 0.33333 0.40296 5 5
-0.33333 -0.33333 0.44177 5 5

6
0.06723
2
0.33333 0.33333 0.63586 5 0
-0.33333 -0.33333 0.67468 5 0

6
0.06723
2
0.33333 0.33333 0.63586 5 1
-0.33333 -0.33333 0.67468 5 0

6
0.06723
2
0.33333 0.33333 0.63586 5 2
-0.33333 -0.33333 0.67468 5 0

6
0.06723
2
0.33333 0.33333 0.63586 5 3
-0.33333 -0.33333 0.67468 5 0

6
0.06723
2
0.33333 0.33333 0.63586 5 4
-0.33333 -0.33333 0.67468 5 0

6
0.06723
2
0.33333 0.33333 0.63586 5 5
-0.33333 -0.33333 0.67468 5 0

6
0.06723
2
0.33333 0.33333 0.63586 5 0
-0.33333 -0.33333 0.67468 5 1

6
0.06723
2
0.33333 0.33333 0.63586 5 1
-0.33333 -0.33333 0.67468 5 1

6
0.06723
2
0.33333 0.33333 0.63586 5 2
-0.33333 -0.33333 0.67468 5 1

6
0.06723
2
0.33333 0.33333 0.63586 5 3
-0.33333 -0.33333 0.67468 5 1

6
0.06723
2
0.33333 0.33333 0.63586 5 4
-0.33333 -0.33333 0.67468 5 1

6
0.06723
2
0.33333 0.33333 0.63586 5 5
-0.33333 -0.33333 0.67468 5 1

6
0.06723
2
0.33333 0.33333 0.63586 5 0
-0.33333 -0.33333 0.67468 5 2

6
0.06723
2
0.33333 0.33333 0.63586 5 1
-0.33333 -0.33333 0.67468 5 2

6
0.06723
2
0.33333 0.33333 0.63586 5 2
-0.33333 -0.33333 0.67468 5 2

6
0.06723
2
0.33333 0.33333 0.63586 5 3
-0.33333 -0.33333 0.67468 5 2

6
0.06723
2
0.33333 0.33333 0.63586 5 4
-0.33333 -0.33333 0.67468 5 2

6
0.06723
2
0.33333 0.33333 0.63586 5 5
-0.33333 -0.33333 0.67468 5 2

6
0.06723
2
0.33333 0.33333 0.63586 5 0
-0.33333 -0.33333 0.67468 5 3

6
0.06723
2
0.33333 0.33333 0.63586 5 1
-0.33333 -0.33333 0.67468 5 3

6
0.06723
2
0.33333 0.33333 0.63586 5 2
-0.33333 -0.33333 0.67468 5 3

6
0.06723
2
0.33333 0.33333 0.63586 5 3
-0.33333 -0.33333 0.67468 5 3

6
0.06723
2
0.33333 0.33333 0.63586 5 4
-0.33333 -0.33333 0.67468 5 3

6
0.06723
2
0.33333 0.33333 0.63586 5 5
-0.33333 -0.33333 0.67468 5 3

6
0.06723
2
0.33333 0.33333 0.63586 5 0
-0.33333 -0.33333 0.67468 5 4

6
0.06723
2
0.33333 0.33333 0.63586 5 1
-0.33333 -0.33333 0.67468 5 4

6
0.06723
2
0.33333 0.33333 0.63586 5 2
-0.33333 -0.33333 0.67468 5 4

6
0.06723
2
0.33333 0.33333 0.63586 5 3
-0.33333 -0.33333 0.67468 5 4

6
0.06723
2
0.33333 0.33333 0.63586 5 4
-0.33333 -0.33333 0.67468 5 4

6
0.06723
2
0.33333 0.33333 0.63586 5 5
-0.33333 -0.33333 0.67468 5 4

6
0.06723
2
0.33333 0.33333 0.63586 5 0
-0.33333 -0.33333 0.67468 5 5

6
0.06723
2
0.33333 0.33333 0.63586 5 1
-0.33333 -0.33333 0.67468 5 5

6
0.06723
2
0.33333 0.33333 0.63586 5 2
-0.33333 -0.33333 0.67468 5 5

6
0.06723
2
0.33333 0.33333 0.63586 5 3
-0.33333 -0.33333 0.67468 5 5

6
0.06723
2
0.33333 0.33333 0.63586 5 4
-0.33333 -0.33333 0.67468 5 5

6
0.06723
2
0.33333 0.33333 0.63586 5 5
-0.33333 -0.33333 0.67468 5 5

6
0.06723
2
0.33333 0.33333 0.51941 5 0
-0.33333 -0.33333 0.55823 5 0

6
0.06723
2
0.33333 0.33333 0.51941 5 1
-0.33333 -0.33333 0.55823 5 0

6
0.06723
2
0.33333 0.33333 0.51941 5 2
-0.33333 -0.33333 0.55823 5 0

6
0.06723
2
0.33333 0.33333 0.51941 5 3
-0.33333 -0.33333 0.55823 5 0

6
0.06723
2
0.33333 0.33333 0.51941 5 4
-0.33333 -0.33333 0.55823 5 0

6
0.06723
2
0.33333 0.33333 0.51941 5 5
-0.33333 -0.33333 0.55823 5 0

6
0.06723
2
0.33333 0.33333 0.51941 5 0
-0.33333 -0.33333 0.55823 5 1

6
0.06723
2
0.33333 0.33333 0.51941 5 1
-0.33333 -0.33333 0.55823 5 1

6
0.06723
2
0.33333 0.33333 0.51941 5 2
-0.33333 -0.33333 0.55823 5 1

6
0.06723
2
0.33333 0.33333 0.51941 5 3
-0.33333 -0.33333 0.55823 5 1

6
0.06723
2
0.33333 0.33333 0.51941 5 4
-0.33333 -0.33333 0.55823 5 1

6
0.06723
2
0.33333 0.33333 0.51941 5 5
-0.33333 -0.33333 0.55823 5 1

6
0.06723
2
0.33333 0.33333 0.51941 5 0
-0.33333 -0.33333 0.55823 5 2

6
0.06723
2
0.33333 0.33333 0.51941 5 1
-0.33333 -0.33333 0.55823 5 2

6
0.06723
2
0.33333 0.33333 0.51941 5 2
-0.33333 -0.33333 0.55823 5 2

6
0.06723
2
0.33333 0.33333 0.51941 5 3
-0.33333 -0.33333 0.55823 5 2

6
0.06723
2
0.33333 0.33333 0.51941 5 4
-0.33333 -0.33333 0.55823 5 2

6
0.06723
2
0.33333 0.33333 0.51941 5 5
-0.33333 -0.33333 0.55823 5 2

6
0.06723
2
0.33333 0.33333 0.51941 5 0
-0.33333 -0.33333 0.55823 5 3

6
0.06723
2
0.33333 0.33333 0.51941 5 1
-0.33333 -0.33333 0.55823 5 3

6
0.06723
2
0.33333 0.33333 0.51941 5 2
-0.33333 -0.33333 0.55823 5 3

6
0.06723
2
0.33333 0.33333 0.51941 5 3
-0.33333 -0.33333 0.55823 5 3

6
0.06723
2
0.33333 0.33333 0.51941 5 4
-0.33333 -0.33333 0.55823 5 3

6
0.06723
2
0.33333 0.33333 0.51941 5 5
-0.33333 -0.33333 0.55823 5 3

6
0.06723
2
0.33333 0.33333 0.51941 5 0
-0.33333 -0.33333 0.55823 5 4

6
0.06723
2
0.33333 0.33333 0.51941 5 1
-0.33333 -0.33333 0.55823 5 4

6
0.06723
2
0.33333 0.33333 0.51941 5 2
-0.33333 -0.33333 0.55823 5 4

6
0.06723
2
0.33333 0.33333 0.51941 5 3
-0.33333 -0.33333 0.55823 5 4

6
0.06723
2
0.33333 0.33333 0.51941 5 4
-0.33333 -0.33333 0.55823 5 4

6
0.06723
2
0.33333 0.33333 0.51941 5 5
-0.33333 -0.33333 0.55823 5 4

6
0.06723
2
0.33333 0.33333 0.51941 5 0
-0.33333 -0.33333 0.55823 5 5

6
0.06723
2
0.33333 0.33333 0.51941 5 1
-0.33333 -0.33333 0.55823 5 5

6
0.06723
2
0.33333 0.33333 0.51941 5 2
-0.33333 -0.33333 0.55823 5 5

6
0.06723
2
0.33333 0.33333 0.51941 5 3
-0.33333 -0.33333 0.55823 5 5

6
0.06723
2
0.33333 0.33333 0.51941 5 4
-0.33333 -0.33333 0.55823 5 5

6
0.06723
2
0.33333 0.33333 0.51941 5 5
-0.33333 -0.33333 0.55823 5 5

6
0.06723
2
0.33333 0.33333 0.28651 5 0
-0.33333 -0.33333 0.32532 5 0

6
0.06723
2
0.33333 0.33333 0.28651 5 1
-0.33333 -0.33333 0.32532 5 0

6
0.06723
2
0.33333 0.33333 0.28651 5 2
-0.33333 -0.33333 0.32532 5 0

6
0.06723
2
0.33333 0.33333 0.28651 5 3
-0.33333 -0.33333 0.32532 5 0

6
0.06723
2
0.33333 0.33333 0.28651 5 4
-0.33333 -0.33333 0.32532 5 0

6
0.06723
2
0.33333 0.33333 0.28651 5 5
-0.33333 -0.33333 0.32532 5 0

6
0.06723
2
0.33333 0.33333 0.28651 5 0
-0.33333 -0.33333 0.32532 5 1

6
0.06723
2
0.33333 0.33333 0.28651 5 1
-0.33333 -0.33333 0.32532 5 1

6
0.06723
2
0.33333 0.33333 0.28651 5 2
-0.33333 -0.33333 0.32532 5 1

6
0.06723
2
0.33333 0.33333 0.28651 5 3
-0.33333 -0.33333 0.32532 5 1

6
0.06723
2
0.33333 0.33333 0.28651 5 4
-0.33333 -0.33333 0.32532 5 1

6
0.06723
2
0.33333 0.33333 0.28651 5 5
-0.33333 -0.33333 0.32532 5 1

6
0.06723
2
0.33333 0.33333 0.28651 5 0
-0.33333 -0.33333 0.32532 5 2

6
0.06723
2
0.33333 0.33333 0.28651 5 1
-0.33333 -0.33333 0.32532 5 2

6
0.06723
2
0.33333 0.33333 0.28651 5 2
-0.33333 -0.33333 0.32532 5 2

6
0.06723
2
0.33333 0.33333 0.28651 5 3
-0.33333 -0.33333 0.32532 5 2

6
0.06723
2
0.33333 0.33333 0.28651 5 4
-0.33333 -0.33333 0.32532 5 2

6
0.06723
2
0.33333 0.33333 0.28651 5 5
-0.33333 -0.33333 0.32532 5 2

6
0.06723
2
0.33333 0.33333 0.28651 5 0
-0.33333 -0.33333 0.32532 5 3

6
0.06723
2
0.33333 0.33333 0.28651 5 1
-0.33333 -0.33333 0.32532 5 3

6
0.06723
2
0.33333 0.33333 0.28651 5 2
-0.33333 -0.33333 0.32532 5 3

6
0.06723
2
0.33333 0.33333 0.28651 5 3
-0.33333 -0.33333 0.32532 5 3

6
0.06723
2
0.33333 0.33333 0.28651 5 4
-0.33333 -0.33333 0.32532 5 3

6
0.06723
2
0.33333 0.33333 0.28651 5 5
-0.33333 -0.33333 0.32532 5 3

6
0.06723
2
0.33333 0.33333 0.28651 5 0
-0.33333 -0.33333 0.32532 5 4

6
0.06723
2
0.33333 0.33333 0.28651 5 1
-0.33333 -0.33333 0.32532 5 4

6
0.06723
2
0.33333 0.33333 0.28651 5 2
-0.33333 -0.33333 0.32532 5 4

6
0.06723
2
0.33333 0.33333 0.28651 5 3
-0.33333 -0.33333 0.32532 5 4

6
0.06723
2
0.33333 0.33333 0.28651 5 4
-0.33333 -0.33333 0.32532 5 4

6
0.06723
2
0.33333 0.33333 0.28651 5 5
-0.33333 -0.33333 0.32532 5 4

6
0.06723
2
0.33333 0.33333 0.28651 5 0
-0.33333 -0.33333 0.32532 5 5

6
0.06723
2
0.33333 0.33333 0.28651 5 1
-0.33333 -0.33333 0.32532 5 5

6
0.06723
2
0.33333 0.33333 0.28651 5 2
-0.33333 -0.33333 0.32532 5 5

6
0.06723
2
0.33333 0.33333 0.28651 5 3
-0.33333 -0.33333 0.32532 5 5

6
0.06723
2
0.33333 0.33333 0.28651 5 4
-0.33333 -0.33333 0.32532 5 5

6
0.06723
2
0.33333 0.33333 0.28651 5 5
-0.33333 -0.33333 0.32532 5 5

6
0.06723
2
0.33333 0.33333 0.40296 5 0
1.00000 -1.00000 0.36414 5 0

6
0.06723
2
0.33333 0.33333 0.40296 5 1
1.00000 -1.00000 0.36414 5 0

6
0.06723
2
0.33333 0.33333 0.40296 5 2
1.00000 -1.00000 0.36414 5 0

6
0.06723
2
0.33333 0.33333 0.40296 5 3
1.00000 -1.00000 0.36414 5 0

6
0.06723
2
0.33333 0.33333 0.40296 5 4
1.00000 -1.00000 0.36414 5 0

6
0.06723
2
0.33333 0.33333 0.40296 5 5
1.00000 -1.00000 0.36414 5 0

6
0.06723
2
0.33333 0.33333 0.40296 5 0
1.00000 -1.00000 0.36414 5 1

6
0.06723
2
0.33333 0.33333 0.40296 5 1
1.00000 -1.00000 0.36414 5 1

6
0.06723
2
0.33333 0.33333 0.40296 5 2
1.00000 -1.00000 0.36414 5 1

6
0.06723
2
0.33333 0.33333 0.40296 5 3
1.00000 -1.00000 0.36414 5 1

6
0.06723
2
0.33333 0.33333 0.40296 5 4
1.00000 -1.00000 0.36414 5 1

6
0.06723
2
0.33333 0.33333 0.40296 5 5
1.00000 -1.00000 0.36414 5 1

6
0.06723
2
0.33333 0.33333 0.40296 5 0
1.00000 -1.00000 0.36414 5 2

6
0.06723
2
0.33333 0.33333 0.40296 5 1
1.00000 -1.00000 0.36414 5 2

6
0.06723
2
0.33333 0.33333 0.40296 5 2
1.00000 -1.00000 0.36414 5 2

6
0.06723
2
0.33333 0.33333 0.40296 5 3
1.00000 -1.00000 0.36414 5 2

6
0.06723
2
0.33333 0.33333 0.40296 5 4
1.00000 -1.00000 0.36414 5 2

6
0.06723
2
0.33333 0.33333 0.40296 5 5
1.00000 -1.00000 0.36414 5 2

6
0.06723
2
0.33333 0.33333 0.40296 5 0
1.00000 -1.00000 0.36414 5 3

6
0.06723
2
0.33333 0.33333 0.40296 5 1
1.00000 -1.00000 0.36414 5 3

6
0.06723
2
0.33333 0.33333 0.40296 5 2
1.00000 -1.00000 0.36414 5 3

6
0.06723
2
0.33333 0.33333 0.40296 5 3
1.00000 -1.00000 0.36414 5 3

6
0.06723
2
0.33333 0.33333 0.40296 5 4
1.00000 -1.00000 0.36414 5 3

6
0.06723
2
0.33333 0.33333 0.40296 5 5
1.00000 -1.00000 0.36414 5 3

6
0.06723
2
0.33333 0.33333 0.40296 5 0
1.00000 -1.00000 0.36414 5 4

6
0.06723
2
0.33333 0.33333 0.40296 5 1
1.00000 -1.00000 0.36414 5 4

6
0.06723
2
0.33333 0.33333 0.40296 5 2
1.00000 -1.00000 0.36414 5 4

6
0.06723
2
0.33333 0.33333 0.40296 5 3
1.00000 -1.00000 0.36414 5 4

6
0.06723
2
0.33333 0.33333 0.40296 5 4
1.00000 -1.00000 0.36414 5 4

6
0.06723
2
0.33333 0.33333 0.40296 5 5
1.00000 -1.00000 0.36414 5 4

6
0.06723
2
0.33333 0.33333 0.40296 5 0
1.00000 -1.00000 0.36414 5 5

6
0.06723
2
0.33333 0.33333 0.40296 5 1
1.00000 -1.00000 0.36414 5 5

6
0.06723
2
0.33333 0.33333 0.40296 5 2
1.00000 -1.00000 0.36414 5 5

6
0.06723
2
0.33333 0.33333 0.40296 5 3
1.00000 -1.00000 0.36414 5 5

6
0.06723
2
0.33333 0.33333 0.40296 5 4
1.00000 -1.00000 0.36414 5 5

6
0.06723
2
0.33333 0.33333 0.40296 5 5
1.00000 -1.00000 0.36414 5 5

3
0.06723
2
0.33333 0.33333 0.51941 5 0
1.00000 -1.00000 0.48059 5 0

6
0.06723
2
0.33333 0.33333 0.51941 5 1
1.00000 -1.00000 0.48059 5 0

6
0.06723
2
0.33333 0.33333 0.51941 5 2
1.00000 -1.00000 0.48059 5 0

6
0.06723
2
0.33333 0.33333 0.51941 5 3
1.00000 -1.00000 0.48059 5 0

6
0.06723
2
0.33333 0.33333 0.51941 5 4
1.00000 -1.00000 0.48059 5 0

6
0.06723
2
0.33333 0.33333 0.51941 5 5
1.00000 -1.00000 0.48059 5 0

3
0.06723
2
0.33333 0.33333 0.51941 5 1
1.00000 -1.00000 0.48059 5 1

6
0.06723
2
0.33333 0.33333 0.51941 5 2
1.00000 -1.00000 0.48059 5 1

6
0.06723
2
0.33333 0.33333 0.51941 5 3
1.00000 -1.00000 0.48059 5 1

6
0.06723
2
0.33333 0.33333 0.51941 5 4
1.00000 -1.00000 0.48059 5 1

6
0.06723
2
0.33333 0.33333 0.51941 5 5
1.00000 -1.00000 0.48059 5 1

3
0.06723
2
0.33333 0.33333 0.51941 5 2
1.00000 -1.00000 0.48059 5 2

6
0.06723
2
0.33333 0.33333 0.51941 5 3
1.00000 -1.00000 0.48059 5 2

6
0.06723
2
0.33333 0.33333 0.51941 5 4
1.00000 -1.00000 0.48059 5 2

6
0.06723
2
0.33333 0.33333 0.51941 5 5
1.00000 -1.00000 0.48059 5 2

3
0.06723
2
0.33333 0.33333 0.51941 5 3
1.00000 -1.00000 0.48059 5 3

6
0.06723
2
0.33333 0.33333 0.51941 5 4
1.00000 -1.00000 0.48059 5 3

6
0.06723
2
0.33333 0.33333 0.51941 5 5
1.00000 -1.00000 0.48059 5 3

3
0.06723
2
0.33333 0.33333 0.51941 5 4
1.00000 -1.00000 0.48059 5 4

6
0.06723
2
0.33333 0.33333 0.51941 5 5
1.00000 -1.00000 0.48059 5 4

3
0.06723
2
0.33333 0.33333 0.51941 5 5
1.00000 -1.00000 0.48059 5 5

