2	0.707107	0.115934	0.120106	-0.004172
2	0.707107	-0.209597	-0.209480	-0.000117
2	0.707107	-0.063978	-0.061676	-0.002302
2	0.707107	-0.235269	-0.237489	0.002220
2	0.707107	-0.205399	-0.207453	0.002054
2	0.707107	-0.064489	-0.067364	0.002875
2	0.707107	0.364341	0.365360	-0.001018
2	0.707107	0.108742	0.107570	0.001172
2	0.707107	0.412803	0.414209	-0.001406
2	0.707107	0.361311	0.361824	-0.000513
2	0.707107	0.115863	0.117490	-0.001627
2	0.707107	0.034383	0.031671	0.002713
2	0.707107	0.121093	0.121952	-0.000859
2	0.707107	0.106835	0.106529	0.000307
2	0.707107	0.034213	0.034592	-0.000379
2	0.707107	0.470648	0.469591	0.001057
2	0.707107	0.408945	0.410201	-0.001256
2	0.707107	0.133898	0.133199	0.000699
2	0.707107	0.354766	0.358323	-0.003557
2	0.707107	0.114998	0.116353	-0.001355
2	0.707107	0.033594	0.037782	-0.004187
2	1.000000	0.120440	0.120106	0.000333
2	1.000000	-0.208394	-0.209480	0.001086
2	1.000000	-0.065341	-0.061676	-0.003666
2	1.000000	-0.234662	-0.237489	0.002827
2	1.000000	-0.206264	-0.207453	0.001189
2	1.000000	-0.071405	-0.067364	-0.004041
2	1.000000	0.368479	0.365360	0.003119
2	1.000000	0.106738	0.107570	-0.000832
2	1.000000	0.415658	0.414209	0.001448
2	1.000000	0.363522	0.361824	0.001698
2	1.000000	0.116152	0.117490	-0.001338
2	1.000000	0.024856	0.031671	-0.006815
2	1.000000	0.124088	0.121952	0.002136
2	1.000000	0.111106	0.106529	0.004577
2	1.000000	0.036259	0.034592	0.001667
2	1.000000	0.454540	0.469591	-0.015050
2	1.000000	0.404805	0.410201	-0.005397
2	1.000000	0.128005	0.133199	-0.005194
2	1.000000	0.355704	0.358323	-0.002618
2	1.000000	0.111479	0.116353	-0.004874
2	1.000000	0.033314	0.037782	-0.004468
2	1.224745	0.120749	0.120106	0.000643
2	1.224745	-0.211135	-0.209480	-0.001654
2	1.224745	-0.064435	-0.061676	-0.002760
2	1.224745	-0.239571	-0.237489	-0.002082
2	1.224745	-0.207463	-0.207453	-0.000009
2	1.224745	-0.066970	-0.067364	0.000393
2	1.224745	0.365348	0.365360	-0.000012
2	1.224745	0.107789	0.107570	0.000219
2	1.224745	0.416747	0.414209	0.002538
2	1.224745	0.363581	0.361824	0.001757
2	1.224745	0.120079	0.117490	0.002588
2	1.224745	0.032595	0.031671	0.000924
2	1.224745	0.125833	0.121952	0.003880
2	1.224745	0.109648	0.106529	0.003119
2	1.224745	0.036259	0.034592	0.001668
2	1.224745	0.467529	0.469591	-0.002062
2	1.224745	0.407747	0.410201	-0.002454
2	1.224745	0.136252	0.133199	0.003053
2	1.224745	0.353198	0.358323	-0.005125
2	1.224745	0.117539	0.116353	0.001186
2	1.224745	0.037165	0.037782	-0.000617
2	1.414214	0.120258	0.120106	0.000151
2	1.414214	-0.209757	-0.209480	-0.000276
2	1.414214	-0.065926	-0.061676	-0.004250
2	1.414214	-0.236506	-0.237489	0.000983
2	1.414214	-0.204224	-0.207453	0.003230
2	1.414214	-0.065812	-0.067364	0.001551
2	1.414214	0.358716	0.365360	-0.006643
2	1.414214	0.105092	0.107570	-0.002478
2	1.414214	0.418331	0.414209	0.004122
2	1.414214	0.362869	0.361824	0.001045
2	1.414214	0.119358	0.117490	0.001867
2	1.414214	0.026818	0.031671	-0.004853
2	1.414214	0.126237	0.121952	0.004285
2	1.414214	0.111691	0.106529	0.005162
2	1.414214	0.042251	0.034592	0.007659
2	1.414214	0.477017	0.469591	0.007427
2	1.414214	0.415901	0.410201	0.005700
2	1.414214	0.137682	0.133199	0.004483
2	1.414214	0.358007	0.358323	-0.000315
2	1.414214	0.113810	0.116353	-0.002544
2	1.414214	0.037517	0.037782	-0.000265
2	1.581139	0.113145	0.120106	-0.006962
2	1.581139	-0.205529	-0.209480	0.003951
2	1.581139	-0.056547	-0.061676	0.005129
2	1.581139	-0.237355	-0.237489	0.000134
2	1.581139	-0.207527	-0.207453	-0.000074
2	1.581139	-0.062284	-0.067364	0.005080
2	1.581139	0.366171	0.365360	0.000811
2	1.581139	0.108290	0.107570	0.000721
2	1.581139	0.413332	0.414209	-0.000877
2	1.581139	0.360796	0.361824	-0.001028
2	1.581139	0.114345	0.117490	-0.003145
2	1.581139	0.029598	0.031671	-0.002073
2	1.581139	0.118326	0.121952	-0.003626
2	1.581139	0.105470	0.106529	-0.001059
2	1.581139	0.032769	0.034592	-0.001823
2	1.581139	0.471138	0.469591	0.001548
2	1.581139	0.409672	0.410201	-0.000529
2	1.581139	0.132008	0.133199	-0.001192
2	1.581139	0.358549	0.358323	0.000227
2	1.581139	0.113213	0.116353	-0.003141
2	1.581139	0.032149	0.037782	-0.005632
2	1.732051	0.118831	0.120106	-0.001275
2	1.732051	-0.210023	-0.209480	-0.000542
2	1.732051	-0.059929	-0.061676	0.001747
2	1.732051	-0.233688	-0.237489	0.003801
2	1.732051	-0.205068	-0.207453	0.002386
2	1.732051	-0.068582	-0.067364	-0.001219
2	1.732051	0.367231	0.365360	0.001871
2	1.732051	0.107795	0.107570	0.000225
2	1.732051	0.409178	0.414209	-0.005031
2	1.732051	0.360280	0.361824	-0.001544
2	1.732051	0.117169	0.117490	-0.000321
2	1.732051	0.035234	0.031671	0.003563
2	1.732051	0.115327	0.121952	-0.006626
2	1.732051	0.102747	0.106529	-0.003782
2	1.732051	0.031676	0.034592	-0.002915
2	1.732051	0.469539	0.469591	-0.000051
2	1.732051	0.409657	0.410201	-0.000545
2	1.732051	0.131884	0.133199	-0.001315
2	1.732051	0.356560	0.358323	-0.001762
2	1.732051	0.117295	0.116353	0.000941
2	1.732051	0.039105	0.037782	0.001323
2	1.870829	0.120270	0.120106	0.000163
2	1.870829	-0.208067	-0.209480	0.001413
2	1.870829	-0.062069	-0.061676	-0.000393
2	1.870829	-0.236314	-0.237489	0.001174
2	1.870829	-0.207503	-0.207453	-0.000049
2	1.870829	-0.067695	-0.067364	-0.000331
2	1.870829	0.363151	0.365360	-0.002208
2	1.870829	0.108540	0.107570	0.000970
2	1.870829	0.413188	0.414209	-0.001022
2	1.870829	0.360687	0.361824	-0.001137
2	1.870829	0.116082	0.117490	-0.001408
2	1.870829	0.033572	0.031671	0.001902
2	1.870829	0.121636	0.121952	-0.000316
2	1.870829	0.106446	0.106529	-0.000083
2	1.870829	0.033315	0.034592	-0.001276
2	1.870829	0.469177	0.469591	-0.000414
2	1.870829	0.410571	0.410201	0.000370
2	1.870829	0.134064	0.133199	0.000865
2	1.870829	0.358533	0.358323	0.000210
2	1.870829	0.117071	0.116353	0.000718
2	1.870829	0.038880	0.037782	0.001098
2	2.000000	0.121213	0.120106	0.001107
2	2.000000	-0.210577	-0.209480	-0.001097
2	2.000000	-0.061025	-0.061676	0.000650
2	2.000000	-0.233645	-0.237489	0.003843
2	2.000000	-0.201983	-0.207453	0.005470
2	2.000000	-0.066837	-0.067364	0.000526
2	2.000000	0.363465	0.365360	-0.001894
2	2.000000	0.106274	0.107570	-0.001296
2	2.000000	0.409101	0.414209	-0.005109
2	2.000000	0.360582	0.361824	-0.001242
2	2.000000	0.118447	0.117490	0.000957
2	2.000000	0.029307	0.031671	-0.002364
2	2.000000	0.119814	0.121952	-0.002138
2	2.000000	0.107175	0.106529	0.000646
2	2.000000	0.033894	0.034592	-0.000697
2	2.000000	0.474429	0.469591	0.004838
2	2.000000	0.407631	0.410201	-0.002570
2	2.000000	0.133154	0.133199	-0.000045
2	2.000000	0.349314	0.358323	-0.009009
2	2.000000	0.115605	0.116353	-0.000748
2	2.000000	0.035939	0.037782	-0.001843
Objective_function= -0.997765
