24
0.70711
2
0.50000 0.50000 1.00000 5 0
1.00000 1.00000 1.00000 5 0

48
0.70711
2
0.50000 0.50000 1.00000 5 1
1.00000 1.00000 1.00000 5 0

48
0.70711
2
0.50000 0.50000 1.00000 5 2
1.00000 1.00000 1.00000 5 0

48
0.70711
2
0.50000 0.50000 1.00000 5 3
1.00000 1.00000 1.00000 5 0

48
0.70711
2
0.50000 0.50000 1.00000 5 4
1.00000 1.00000 1.00000 5 0

48
0.70711
2
0.50000 0.50000 1.00000 5 5
1.00000 1.00000 1.00000 5 0

24
0.70711
2
0.50000 0.50000 1.00000 5 1
1.00000 1.00000 1.00000 5 1

48
0.70711
2
0.50000 0.50000 1.00000 5 2
1.00000 1.00000 1.00000 5 1

48
0.70711
2
0.50000 0.50000 1.00000 5 3
1.00000 1.00000 1.00000 5 1

48
0.70711
2
0.50000 0.50000 1.00000 5 4
1.00000 1.00000 1.00000 5 1

48
0.70711
2
0.50000 0.50000 1.00000 5 5
1.00000 1.00000 1.00000 5 1

24
0.70711
2
0.50000 0.50000 1.00000 5 2
1.00000 1.00000 1.00000 5 2

48
0.70711
2
0.50000 0.50000 1.00000 5 3
1.00000 1.00000 1.00000 5 2

48
0.70711
2
0.50000 0.50000 1.00000 5 4
1.00000 1.00000 1.00000 5 2

48
0.70711
2
0.50000 0.50000 1.00000 5 5
1.00000 1.00000 1.00000 5 2

24
0.70711
2
0.50000 0.50000 1.00000 5 3
1.00000 1.00000 1.00000 5 3

48
0.70711
2
0.50000 0.50000 1.00000 5 4
1.00000 1.00000 1.00000 5 3

48
0.70711
2
0.50000 0.50000 1.00000 5 5
1.00000 1.00000 1.00000 5 3

24
0.70711
2
0.50000 0.50000 1.00000 5 4
1.00000 1.00000 1.00000 5 4

48
0.70711
2
0.50000 0.50000 1.00000 5 5
1.00000 1.00000 1.00000 5 4

24
0.70711
2
0.50000 0.50000 1.00000 5 5
1.00000 1.00000 1.00000 5 5

12
1.00000
2
0.50000 0.50000 1.00000 5 0
1.50000 0.50000 1.00000 5 0

24
1.00000
2
0.50000 0.50000 1.00000 5 1
1.50000 0.50000 1.00000 5 0

24
1.00000
2
0.50000 0.50000 1.00000 5 2
1.50000 0.50000 1.00000 5 0

24
1.00000
2
0.50000 0.50000 1.00000 5 3
1.50000 0.50000 1.00000 5 0

24
1.00000
2
0.50000 0.50000 1.00000 5 4
1.50000 0.50000 1.00000 5 0

24
1.00000
2
0.50000 0.50000 1.00000 5 5
1.50000 0.50000 1.00000 5 0

12
1.00000
2
0.50000 0.50000 1.00000 5 1
1.50000 0.50000 1.00000 5 1

24
1.00000
2
0.50000 0.50000 1.00000 5 2
1.50000 0.50000 1.00000 5 1

24
1.00000
2
0.50000 0.50000 1.00000 5 3
1.50000 0.50000 1.00000 5 1

24
1.00000
2
0.50000 0.50000 1.00000 5 4
1.50000 0.50000 1.00000 5 1

24
1.00000
2
0.50000 0.50000 1.00000 5 5
1.50000 0.50000 1.00000 5 1

12
1.00000
2
0.50000 0.50000 1.00000 5 2
1.50000 0.50000 1.00000 5 2

24
1.00000
2
0.50000 0.50000 1.00000 5 3
1.50000 0.50000 1.00000 5 2

24
1.00000
2
0.50000 0.50000 1.00000 5 4
1.50000 0.50000 1.00000 5 2

24
1.00000
2
0.50000 0.50000 1.00000 5 5
1.50000 0.50000 1.00000 5 2

12
1.00000
2
0.50000 0.50000 1.00000 5 3
1.50000 0.50000 1.00000 5 3

24
1.00000
2
0.50000 0.50000 1.00000 5 4
1.50000 0.50000 1.00000 5 3

24
1.00000
2
0.50000 0.50000 1.00000 5 5
1.50000 0.50000 1.00000 5 3

12
1.00000
2
0.50000 0.50000 1.00000 5 4
1.50000 0.50000 1.00000 5 4

24
1.00000
2
0.50000 0.50000 1.00000 5 5
1.50000 0.50000 1.00000 5 4

12
1.00000
2
0.50000 0.50000 1.00000 5 5
1.50000 0.50000 1.00000 5 5

48
1.22474
2
0.50000 1.00000 0.50000 5 0
0.00000 0.00000 0.00000 5 0

96
1.22474
2
0.50000 1.00000 0.50000 5 1
0.00000 0.00000 0.00000 5 0

96
1.22474
2
0.50000 1.00000 0.50000 5 2
0.00000 0.00000 0.00000 5 0

96
1.22474
2
0.50000 1.00000 0.50000 5 3
0.00000 0.00000 0.00000 5 0

96
1.22474
2
0.50000 1.00000 0.50000 5 4
0.00000 0.00000 0.00000 5 0

96
1.22474
2
0.50000 1.00000 0.50000 5 5
0.00000 0.00000 0.00000 5 0

48
1.22474
2
0.50000 1.00000 0.50000 5 1
0.00000 0.00000 0.00000 5 1

96
1.22474
2
0.50000 1.00000 0.50000 5 2
0.00000 0.00000 0.00000 5 1

96
1.22474
2
0.50000 1.00000 0.50000 5 3
0.00000 0.00000 0.00000 5 1

96
1.22474
2
0.50000 1.00000 0.50000 5 4
0.00000 0.00000 0.00000 5 1

96
1.22474
2
0.50000 1.00000 0.50000 5 5
0.00000 0.00000 0.00000 5 1

48
1.22474
2
0.50000 1.00000 0.50000 5 2
0.00000 0.00000 0.00000 5 2

96
1.22474
2
0.50000 1.00000 0.50000 5 3
0.00000 0.00000 0.00000 5 2

96
1.22474
2
0.50000 1.00000 0.50000 5 4
0.00000 0.00000 0.00000 5 2

96
1.22474
2
0.50000 1.00000 0.50000 5 5
0.00000 0.00000 0.00000 5 2

48
1.22474
2
0.50000 1.00000 0.50000 5 3
0.00000 0.00000 0.00000 5 3

96
1.22474
2
0.50000 1.00000 0.50000 5 4
0.00000 0.00000 0.00000 5 3

96
1.22474
2
0.50000 1.00000 0.50000 5 5
0.00000 0.00000 0.00000 5 3

48
1.22474
2
0.50000 1.00000 0.50000 5 4
0.00000 0.00000 0.00000 5 4

96
1.22474
2
0.50000 1.00000 0.50000 5 5
0.00000 0.00000 0.00000 5 4

48
1.22474
2
0.50000 1.00000 0.50000 5 5
0.00000 0.00000 0.00000 5 5

24
1.41421
2
0.50000 0.50000 1.00000 5 0
1.50000 1.50000 1.00000 5 0

48
1.41421
2
0.50000 0.50000 1.00000 5 1
1.50000 1.50000 1.00000 5 0

48
1.41421
2
0.50000 0.50000 1.00000 5 2
1.50000 1.50000 1.00000 5 0

48
1.41421
2
0.50000 0.50000 1.00000 5 3
1.50000 1.50000 1.00000 5 0

48
1.41421
2
0.50000 0.50000 1.00000 5 4
1.50000 1.50000 1.00000 5 0

48
1.41421
2
0.50000 0.50000 1.00000 5 5
1.50000 1.50000 1.00000 5 0

24
1.41421
2
0.50000 0.50000 1.00000 5 1
1.50000 1.50000 1.00000 5 1

48
1.41421
2
0.50000 0.50000 1.00000 5 2
1.50000 1.50000 1.00000 5 1

48
1.41421
2
0.50000 0.50000 1.00000 5 3
1.50000 1.50000 1.00000 5 1

48
1.41421
2
0.50000 0.50000 1.00000 5 4
1.50000 1.50000 1.00000 5 1

48
1.41421
2
0.50000 0.50000 1.00000 5 5
1.50000 1.50000 1.00000 5 1

24
1.41421
2
0.50000 0.50000 1.00000 5 2
1.50000 1.50000 1.00000 5 2

48
1.41421
2
0.50000 0.50000 1.00000 5 3
1.50000 1.50000 1.00000 5 2

48
1.41421
2
0.50000 0.50000 1.00000 5 4
1.50000 1.50000 1.00000 5 2

48
1.41421
2
0.50000 0.50000 1.00000 5 5
1.50000 1.50000 1.00000 5 2

24
1.41421
2
0.50000 0.50000 1.00000 5 3
1.50000 1.50000 1.00000 5 3

48
1.41421
2
0.50000 0.50000 1.00000 5 4
1.50000 1.50000 1.00000 5 3

48
1.41421
2
0.50000 0.50000 1.00000 5 5
1.50000 1.50000 1.00000 5 3

24
1.41421
2
0.50000 0.50000 1.00000 5 4
1.50000 1.50000 1.00000 5 4

48
1.41421
2
0.50000 0.50000 1.00000 5 5
1.50000 1.50000 1.00000 5 4

24
1.41421
2
0.50000 0.50000 1.00000 5 5
1.50000 1.50000 1.00000 5 5

48
1.58114
2
1.00000 1.00000 1.00000 5 0
-0.50000 1.50000 1.00000 5 0

96
1.58114
2
1.00000 1.00000 1.00000 5 1
-0.50000 1.50000 1.00000 5 0

96
1.58114
2
1.00000 1.00000 1.00000 5 2
-0.50000 1.50000 1.00000 5 0

96
1.58114
2
1.00000 1.00000 1.00000 5 3
-0.50000 1.50000 1.00000 5 0

96
1.58114
2
1.00000 1.00000 1.00000 5 4
-0.50000 1.50000 1.00000 5 0

96
1.58114
2
1.00000 1.00000 1.00000 5 5
-0.50000 1.50000 1.00000 5 0

48
1.58114
2
1.00000 1.00000 1.00000 5 1
-0.50000 1.50000 1.00000 5 1

96
1.58114
2
1.00000 1.00000 1.00000 5 2
-0.50000 1.50000 1.00000 5 1

96
1.58114
2
1.00000 1.00000 1.00000 5 3
-0.50000 1.50000 1.00000 5 1

96
1.58114
2
1.00000 1.00000 1.00000 5 4
-0.50000 1.50000 1.00000 5 1

96
1.58114
2
1.00000 1.00000 1.00000 5 5
-0.50000 1.50000 1.00000 5 1

48
1.58114
2
1.00000 1.00000 1.00000 5 2
-0.50000 1.50000 1.00000 5 2

96
1.58114
2
1.00000 1.00000 1.00000 5 3
-0.50000 1.50000 1.00000 5 2

96
1.58114
2
1.00000 1.00000 1.00000 5 4
-0.50000 1.50000 1.00000 5 2

96
1.58114
2
1.00000 1.00000 1.00000 5 5
-0.50000 1.50000 1.00000 5 2

48
1.58114
2
1.00000 1.00000 1.00000 5 3
-0.50000 1.50000 1.00000 5 3

96
1.58114
2
1.00000 1.00000 1.00000 5 4
-0.50000 1.50000 1.00000 5 3

96
1.58114
2
1.00000 1.00000 1.00000 5 5
-0.50000 1.50000 1.00000 5 3

48
1.58114
2
1.00000 1.00000 1.00000 5 4
-0.50000 1.50000 1.00000 5 4

96
1.58114
2
1.00000 1.00000 1.00000 5 5
-0.50000 1.50000 1.00000 5 4

48
1.58114
2
1.00000 1.00000 1.00000 5 5
-0.50000 1.50000 1.00000 5 5

16
1.73205
2
0.50000 0.50000 1.00000 5 0
-0.50000 1.50000 2.00000 5 0

32
1.73205
2
0.50000 0.50000 1.00000 5 1
-0.50000 1.50000 2.00000 5 0

32
1.73205
2
0.50000 0.50000 1.00000 5 2
-0.50000 1.50000 2.00000 5 0

32
1.73205
2
0.50000 0.50000 1.00000 5 3
-0.50000 1.50000 2.00000 5 0

32
1.73205
2
0.50000 0.50000 1.00000 5 4
-0.50000 1.50000 2.00000 5 0

32
1.73205
2
0.50000 0.50000 1.00000 5 5
-0.50000 1.50000 2.00000 5 0

16
1.73205
2
0.50000 0.50000 1.00000 5 1
-0.50000 1.50000 2.00000 5 1

32
1.73205
2
0.50000 0.50000 1.00000 5 2
-0.50000 1.50000 2.00000 5 1

32
1.73205
2
0.50000 0.50000 1.00000 5 3
-0.50000 1.50000 2.00000 5 1

32
1.73205
2
0.50000 0.50000 1.00000 5 4
-0.50000 1.50000 2.00000 5 1

32
1.73205
2
0.50000 0.50000 1.00000 5 5
-0.50000 1.50000 2.00000 5 1

16
1.73205
2
0.50000 0.50000 1.00000 5 2
-0.50000 1.50000 2.00000 5 2

32
1.73205
2
0.50000 0.50000 1.00000 5 3
-0.50000 1.50000 2.00000 5 2

32
1.73205
2
0.50000 0.50000 1.00000 5 4
-0.50000 1.50000 2.00000 5 2

32
1.73205
2
0.50000 0.50000 1.00000 5 5
-0.50000 1.50000 2.00000 5 2

16
1.73205
2
0.50000 0.50000 1.00000 5 3
-0.50000 1.50000 2.00000 5 3

32
1.73205
2
0.50000 0.50000 1.00000 5 4
-0.50000 1.50000 2.00000 5 3

32
1.73205
2
0.50000 0.50000 1.00000 5 5
-0.50000 1.50000 2.00000 5 3

16
1.73205
2
0.50000 0.50000 1.00000 5 4
-0.50000 1.50000 2.00000 5 4

32
1.73205
2
0.50000 0.50000 1.00000 5 5
-0.50000 1.50000 2.00000 5 4

16
1.73205
2
0.50000 0.50000 1.00000 5 5
-0.50000 1.50000 2.00000 5 5

96
1.87083
2
0.50000 0.50000 1.00000 5 0
2.00000 0.00000 0.00000 5 0

192
1.87083
2
0.50000 0.50000 1.00000 5 1
2.00000 0.00000 0.00000 5 0

192
1.87083
2
0.50000 0.50000 1.00000 5 2
2.00000 0.00000 0.00000 5 0

192
1.87083
2
0.50000 0.50000 1.00000 5 3
2.00000 0.00000 0.00000 5 0

192
1.87083
2
0.50000 0.50000 1.00000 5 4
2.00000 0.00000 0.00000 5 0

192
1.87083
2
0.50000 0.50000 1.00000 5 5
2.00000 0.00000 0.00000 5 0

96
1.87083
2
0.50000 0.50000 1.00000 5 1
2.00000 0.00000 0.00000 5 1

192
1.87083
2
0.50000 0.50000 1.00000 5 2
2.00000 0.00000 0.00000 5 1

192
1.87083
2
0.50000 0.50000 1.00000 5 3
2.00000 0.00000 0.00000 5 1

192
1.87083
2
0.50000 0.50000 1.00000 5 4
2.00000 0.00000 0.00000 5 1

192
1.87083
2
0.50000 0.50000 1.00000 5 5
2.00000 0.00000 0.00000 5 1

96
1.87083
2
0.50000 0.50000 1.00000 5 2
2.00000 0.00000 0.00000 5 2

192
1.87083
2
0.50000 0.50000 1.00000 5 3
2.00000 0.00000 0.00000 5 2

192
1.87083
2
0.50000 0.50000 1.00000 5 4
2.00000 0.00000 0.00000 5 2

192
1.87083
2
0.50000 0.50000 1.00000 5 5
2.00000 0.00000 0.00000 5 2

96
1.87083
2
0.50000 0.50000 1.00000 5 3
2.00000 0.00000 0.00000 5 3

192
1.87083
2
0.50000 0.50000 1.00000 5 4
2.00000 0.00000 0.00000 5 3

192
1.87083
2
0.50000 0.50000 1.00000 5 5
2.00000 0.00000 0.00000 5 3

96
1.87083
2
0.50000 0.50000 1.00000 5 4
2.00000 0.00000 0.00000 5 4

192
1.87083
2
0.50000 0.50000 1.00000 5 5
2.00000 0.00000 0.00000 5 4

96
1.87083
2
0.50000 0.50000 1.00000 5 5
2.00000 0.00000 0.00000 5 5

12
2.00000
2
0.50000 0.50000 1.00000 5 0
0.50000 0.50000 -1.00000 5 0

24
2.00000
2
0.50000 0.50000 1.00000 5 1
0.50000 0.50000 -1.00000 5 0

24
2.00000
2
0.50000 0.50000 1.00000 5 2
0.50000 0.50000 -1.00000 5 0

24
2.00000
2
0.50000 0.50000 1.00000 5 3
0.50000 0.50000 -1.00000 5 0

24
2.00000
2
0.50000 0.50000 1.00000 5 4
0.50000 0.50000 -1.00000 5 0

24
2.00000
2
0.50000 0.50000 1.00000 5 5
0.50000 0.50000 -1.00000 5 0

12
2.00000
2
0.50000 0.50000 1.00000 5 1
0.50000 0.50000 -1.00000 5 1

24
2.00000
2
0.50000 0.50000 1.00000 5 2
0.50000 0.50000 -1.00000 5 1

24
2.00000
2
0.50000 0.50000 1.00000 5 3
0.50000 0.50000 -1.00000 5 1

24
2.00000
2
0.50000 0.50000 1.00000 5 4
0.50000 0.50000 -1.00000 5 1

24
2.00000
2
0.50000 0.50000 1.00000 5 5
0.50000 0.50000 -1.00000 5 1

12
2.00000
2
0.50000 0.50000 1.00000 5 2
0.50000 0.50000 -1.00000 5 2

24
2.00000
2
0.50000 0.50000 1.00000 5 3
0.50000 0.50000 -1.00000 5 2

24
2.00000
2
0.50000 0.50000 1.00000 5 4
0.50000 0.50000 -1.00000 5 2

24
2.00000
2
0.50000 0.50000 1.00000 5 5
0.50000 0.50000 -1.00000 5 2

12
2.00000
2
0.50000 0.50000 1.00000 5 3
0.50000 0.50000 -1.00000 5 3

24
2.00000
2
0.50000 0.50000 1.00000 5 4
0.50000 0.50000 -1.00000 5 3

24
2.00000
2
0.50000 0.50000 1.00000 5 5
0.50000 0.50000 -1.00000 5 3

12
2.00000
2
0.50000 0.50000 1.00000 5 4
0.50000 0.50000 -1.00000 5 4

24
2.00000
2
0.50000 0.50000 1.00000 5 5
0.50000 0.50000 -1.00000 5 4

12
2.00000
2
0.50000 0.50000 1.00000 5 5
0.50000 0.50000 -1.00000 5 5

